{"time": "2026-05-08T17:13:02", "level": "ERROR", "logger": "yfinance", "msg": HTTP Error 404: {"quoteSummary":{"result":null,"error":{"code":"Not Found","description":"Quote not found for symbol: PGRE"}}}}
{"time": "2026-05-08T17:13:14", "level": "ERROR", "logger": "yfinance", "msg": HTTP Error 404: {"quoteSummary":{"result":null,"error":{"code":"Not Found","description":"Quote not found for symbol: CIO"}}}}
{"time": "2026-05-08T17:13:16", "level": "ERROR", "logger": "src.fetchers.fred_fetcher", "msg": FRED fetch failed — gs10 (GS10): FRED_API_KEY not set. Add it to .env}
{"time": "2026-05-08T17:13:16", "level": "ERROR", "logger": "src.fetchers.fred_fetcher", "msg": FRED fetch failed — gs2 (GS2): FRED_API_KEY not set. Add it to .env}
{"time": "2026-05-08T17:13:16", "level": "ERROR", "logger": "src.fetchers.fred_fetcher", "msg": FRED fetch failed — cpi (CPIAUCSL): FRED_API_KEY not set. Add it to .env}
{"time": "2026-05-08T17:13:16", "level": "ERROR", "logger": "src.fetchers.fred_fetcher", "msg": FRED fetch failed — rent_cpi (CUSR0000SEHA): FRED_API_KEY not set. Add it to .env}
{"time": "2026-05-08T17:13:16", "level": "ERROR", "logger": "src.fetchers.fred_fetcher", "msg": FRED fetch failed — rent_primary (CUSR0000SEHC): FRED_API_KEY not set. Add it to .env}
{"time": "2026-05-08T17:13:16", "level": "ERROR", "logger": "src.fetchers.fred_fetcher", "msg": FRED fetch failed — vacancy (RRVRUSQ156N): FRED_API_KEY not set. Add it to .env}
{"time": "2026-05-08T17:13:16", "level": "ERROR", "logger": "src.fetchers.fred_fetcher", "msg": FRED fetch failed — homeowner_vacancy (RHVRUSQ156N): FRED_API_KEY not set. Add it to .env}
{"time": "2026-05-08T17:13:16", "level": "ERROR", "logger": "src.fetchers.fred_fetcher", "msg": FRED fetch failed — permits (PERMIT): FRED_API_KEY not set. Add it to .env}
{"time": "2026-05-08T17:13:16", "level": "ERROR", "logger": "src.fetchers.fred_fetcher", "msg": FRED fetch failed — unemployment (UNRATE): FRED_API_KEY not set. Add it to .env}
{"time": "2026-05-08T17:13:16", "level": "ERROR", "logger": "src.fetchers.fred_fetcher", "msg": FRED fetch failed — mortgage30 (MORTGAGE30US): FRED_API_KEY not set. Add it to .env}
{"time": "2026-05-08T17:13:16", "level": "ERROR", "logger": "src.fetchers.fred_fetcher", "msg": FRED fetch failed — case_shiller (CSUSHPISA): FRED_API_KEY not set. Add it to .env}
{"time": "2026-05-08T17:13:16", "level": "ERROR", "logger": "src.fetchers.fred_fetcher", "msg": FRED fetch failed — median_home_price (MSPUS): FRED_API_KEY not set. Add it to .env}
{"time": "2026-05-08T23:10:00", "level": "ERROR", "logger": "src.fetchers.rss_fetcher", "msg": RSS fetch failed — Propmodo: 403 Client Error: Forbidden for url: https://propmodo.com/feed/}
{"time": "2026-05-08T23:10:00", "level": "ERROR", "logger": "src.fetchers.rss_fetcher", "msg": RSS fetch failed — NREI: 530 Server Error: <none> for url: https://www.nreionline.com/rss}
{"time": "2026-05-08T23:10:00", "level": "ERROR", "logger": "src.fetchers.rss_fetcher", "msg": RSS fetch failed — Propmodo: 403 Client Error: Forbidden for url: https://propmodo.com/feed/}
{"time": "2026-05-08T23:10:00", "level": "ERROR", "logger": "src.fetchers.rss_fetcher", "msg": RSS fetch failed — Propmodo: 403 Client Error: Forbidden for url: https://propmodo.com/feed/}
{"time": "2026-05-08T23:10:00", "level": "ERROR", "logger": "src.fetchers.rss_fetcher", "msg": RSS fetch failed — NREI: 530 Server Error: <none> for url: https://www.nreionline.com/rss}
{"time": "2026-05-08T23:10:00", "level": "ERROR", "logger": "src.fetchers.rss_fetcher", "msg": RSS fetch failed — NREI: 530 Server Error: <none> for url: https://www.nreionline.com/rss}
{"time": "2026-05-08T23:10:00", "level": "ERROR", "logger": "src.fetchers.rss_fetcher", "msg": RSS fetch failed — Propmodo: 403 Client Error: Forbidden for url: https://propmodo.com/feed/}
{"time": "2026-05-08T23:10:00", "level": "ERROR", "logger": "src.fetchers.rss_fetcher", "msg": RSS fetch failed — Propmodo: 403 Client Error: Forbidden for url: https://propmodo.com/feed/}
{"time": "2026-05-08T23:10:00", "level": "ERROR", "logger": "src.fetchers.rss_fetcher", "msg": RSS fetch failed — NREI: 530 Server Error: <none> for url: https://www.nreionline.com/rss}
{"time": "2026-05-08T23:10:00", "level": "ERROR", "logger": "src.fetchers.rss_fetcher", "msg": RSS fetch failed — NREI: 530 Server Error: <none> for url: https://www.nreionline.com/rss}
{"time": "2026-05-08T23:10:03", "level": "ERROR", "logger": "src.fetchers.rss_fetcher", "msg": RSS fetch failed — Propmodo: 403 Client Error: Forbidden for url: https://propmodo.com/feed/}
{"time": "2026-05-08T23:10:03", "level": "ERROR", "logger": "src.fetchers.rss_fetcher", "msg": RSS fetch failed — NREI: 530 Server Error: <none> for url: https://www.nreionline.com/rss}
{"time": "2026-05-08T23:10:07", "level": "ERROR", "logger": "src.fetchers.rss_fetcher", "msg": RSS fetch failed — Propmodo: 403 Client Error: Forbidden for url: https://propmodo.com/feed/}
{"time": "2026-05-08T23:10:07", "level": "ERROR", "logger": "src.fetchers.rss_fetcher", "msg": RSS fetch failed — NREI: 530 Server Error: <none> for url: https://www.nreionline.com/rss}
{"time": "2026-05-09T13:32:20", "level": "ERROR", "logger": "src.fetchers.rss_fetcher", "msg": Google News fetch failed — Google News — DivcoWest: HTTPSConnectionPool(host='news.google.com', port=443): Max retries exceeded with url: /rss/search?q=%22DivcoWest%22&hl=en-US&gl=US&ceid=US:en (Caused by NameResolutionError("HTTPSConnection(host='news.google.com', port=443): Failed to resolve 'news.google.com' ([Errno 8] nodename nor servname provided, or not known)"))}
{"time": "2026-05-09T13:32:20", "level": "ERROR", "logger": "src.fetchers.rss_fetcher", "msg": Google News fetch failed — Google News — DivcoWest: HTTPSConnectionPool(host='news.google.com', port=443): Max retries exceeded with url: /rss/search?q=%22DivcoWest%22&hl=en-US&gl=US&ceid=US:en (Caused by NameResolutionError("HTTPSConnection(host='news.google.com', port=443): Failed to resolve 'news.google.com' ([Errno 8] nodename nor servname provided, or not known)"))}
{"time": "2026-05-09T13:32:23", "level": "ERROR", "logger": "src.fetchers.rss_fetcher", "msg": Google News fetch failed — Google News — DW Acquisitions: HTTPSConnectionPool(host='news.google.com', port=443): Max retries exceeded with url: /rss/search?q=%22DivcoWest%22+acquired+OR+purchased+OR+acquires+OR+sells&hl=en-US&gl=US&ceid=US:en (Caused by NameResolutionError("HTTPSConnection(host='news.google.com', port=443): Failed to resolve 'news.google.com' ([Errno 8] nodename nor servname provided, or not known)"))}
{"time": "2026-05-09T13:32:23", "level": "ERROR", "logger": "src.fetchers.rss_fetcher", "msg": Google News fetch failed — Google News — DW Acquisitions: HTTPSConnectionPool(host='news.google.com', port=443): Max retries exceeded with url: /rss/search?q=%22DivcoWest%22+acquired+OR+purchased+OR+acquires+OR+sells&hl=en-US&gl=US&ceid=US:en (Caused by NameResolutionError("HTTPSConnection(host='news.google.com', port=443): Failed to resolve 'news.google.com' ([Errno 8] nodename nor servname provided, or not known)"))}
{"time": "2026-05-09T13:32:23", "level": "ERROR", "logger": "src.fetchers.rss_fetcher", "msg": Google News fetch failed — Google News — Life Science CRE: HTTPSConnectionPool(host='news.google.com', port=443): Max retries exceeded with url: /rss/search?q=%22life+science%22+%22real+estate%22+office+lab&hl=en-US&gl=US&ceid=US:en (Caused by NameResolutionError("HTTPSConnection(host='news.google.com', port=443): Failed to resolve 'news.google.com' ([Errno 8] nodename nor servname provided, or not known)"))}
{"time": "2026-05-09T13:32:23", "level": "ERROR", "logger": "src.fetchers.rss_fetcher", "msg": Google News fetch failed — Google News — Life Science CRE: HTTPSConnectionPool(host='news.google.com', port=443): Max retries exceeded with url: /rss/search?q=%22life+science%22+%22real+estate%22+office+lab&hl=en-US&gl=US&ceid=US:en (Caused by NameResolutionError("HTTPSConnection(host='news.google.com', port=443): Failed to resolve 'news.google.com' ([Errno 8] nodename nor servname provided, or not known)"))}
{"time": "2026-05-09T13:32:23", "level": "ERROR", "logger": "src.fetchers.rss_fetcher", "msg": Google News fetch failed — Google News — Innovation Office: HTTPSConnectionPool(host='news.google.com', port=443): Max retries exceeded with url: /rss/search?q=%22tech+office%22+OR+%22innovation+economy%22+%22real+estate%22&hl=en-US&gl=US&ceid=US:en (Caused by NameResolutionError("HTTPSConnection(host='news.google.com', port=443): Failed to resolve 'news.google.com' ([Errno 8] nodename nor servname provided, or not known)"))}
{"time": "2026-05-09T13:32:23", "level": "ERROR", "logger": "src.fetchers.rss_fetcher", "msg": Google News fetch failed — Google News — Innovation Office: HTTPSConnectionPool(host='news.google.com', port=443): Max retries exceeded with url: /rss/search?q=%22tech+office%22+OR+%22innovation+economy%22+%22real+estate%22&hl=en-US&gl=US&ceid=US:en (Caused by NameResolutionError("HTTPSConnection(host='news.google.com', port=443): Failed to resolve 'news.google.com' ([Errno 8] nodename nor servname provided, or not known)"))}
{"time": "2026-05-09T13:32:23", "level": "ERROR", "logger": "src.fetchers.rss_fetcher", "msg": Google News fetch failed — Google News — Austin CRE: HTTPSConnectionPool(host='news.google.com', port=443): Max retries exceeded with url: /rss/search?q=Austin+%22commercial+real+estate%22+OR+%22office%22+OR+%22tech+campus%22&hl=en-US&gl=US&ceid=US:en (Caused by NameResolutionError("HTTPSConnection(host='news.google.com', port=443): Failed to resolve 'news.google.com' ([Errno 8] nodename nor servname provided, or not known)"))}
{"time": "2026-05-09T13:32:23", "level": "ERROR", "logger": "src.fetchers.rss_fetcher", "msg": Google News fetch failed — Google News — Austin CRE: HTTPSConnectionPool(host='news.google.com', port=443): Max retries exceeded with url: /rss/search?q=Austin+%22commercial+real+estate%22+OR+%22office%22+OR+%22tech+campus%22&hl=en-US&gl=US&ceid=US:en (Caused by NameResolutionError("HTTPSConnection(host='news.google.com', port=443): Failed to resolve 'news.google.com' ([Errno 8] nodename nor servname provided, or not known)"))}
{"time": "2026-05-09T13:32:23", "level": "ERROR", "logger": "src.fetchers.rss_fetcher", "msg": Google News fetch failed — Google News — Austin Tech: HTTPSConnectionPool(host='news.google.com', port=443): Max retries exceeded with url: /rss/search?q=Austin+%22The+Domain%22+OR+%22UT+Austin%22+OR+%22Dell+Medical%22+tech+office&hl=en-US&gl=US&ceid=US:en (Caused by NameResolutionError("HTTPSConnection(host='news.google.com', port=443): Failed to resolve 'news.google.com' ([Errno 8] nodename nor servname provided, or not known)"))}
{"time": "2026-05-09T13:32:23", "level": "ERROR", "logger": "src.fetchers.rss_fetcher", "msg": Google News fetch failed — Google News — Austin Tech: HTTPSConnectionPool(host='news.google.com', port=443): Max retries exceeded with url: /rss/search?q=Austin+%22The+Domain%22+OR+%22UT+Austin%22+OR+%22Dell+Medical%22+tech+office&hl=en-US&gl=US&ceid=US:en (Caused by NameResolutionError("HTTPSConnection(host='news.google.com', port=443): Failed to resolve 'news.google.com' ([Errno 8] nodename nor servname provided, or not known)"))}
{"time": "2026-05-09T13:32:42", "level": "ERROR", "logger": "src.fetchers.rss_fetcher", "msg": TRD search scrape failed — https://therealdeal.com/sanfrancisco/?s=DivcoWest: HTTPSConnectionPool(host='therealdeal.com', port=443): Read timed out. (read timeout=12)}
{"time": "2026-05-09T13:32:42", "level": "ERROR", "logger": "src.fetchers.rss_fetcher", "msg": TRD search scrape failed — https://therealdeal.com/sanfrancisco/?s=DivcoWest: HTTPSConnectionPool(host='therealdeal.com', port=443): Read timed out. (read timeout=12)}
{"time": "2026-05-09T13:33:31", "level": "ERROR", "logger": "src.fetchers.rss_fetcher", "msg": RSS fetch failed — The Real Deal — SF: HTTPSConnectionPool(host='therealdeal.com', port=443): Read timed out. (read timeout=10)}
{"time": "2026-05-09T13:33:31", "level": "ERROR", "logger": "src.fetchers.rss_fetcher", "msg": RSS fetch failed — The Real Deal — SF: HTTPSConnectionPool(host='therealdeal.com', port=443): Read timed out. (read timeout=10)}
{"time": "2026-05-09T13:33:42", "level": "ERROR", "logger": "src.fetchers.rss_fetcher", "msg": RSS fetch failed — The Real Deal — National: HTTPSConnectionPool(host='therealdeal.com', port=443): Read timed out. (read timeout=10)}
{"time": "2026-05-09T13:33:42", "level": "ERROR", "logger": "src.fetchers.rss_fetcher", "msg": RSS fetch failed — The Real Deal — National: HTTPSConnectionPool(host='therealdeal.com', port=443): Read timed out. (read timeout=10)}
{"time": "2026-05-09T13:33:58", "level": "ERROR", "logger": "src.fetchers.rss_fetcher", "msg": RSS fetch failed — The Real Deal — Commercial: HTTPSConnectionPool(host='therealdeal.com', port=443): Read timed out. (read timeout=10)}
{"time": "2026-05-09T13:33:58", "level": "ERROR", "logger": "src.fetchers.rss_fetcher", "msg": RSS fetch failed — The Real Deal — Commercial: HTTPSConnectionPool(host='therealdeal.com', port=443): Read timed out. (read timeout=10)}
{"time": "2026-05-09T13:34:06", "level": "ERROR", "logger": "src.fetchers.rss_fetcher", "msg": RSS fetch failed — Commercial Observer: ('Connection aborted.', RemoteDisconnected('Remote end closed connection without response'))}
{"time": "2026-05-09T13:34:06", "level": "ERROR", "logger": "src.fetchers.rss_fetcher", "msg": RSS fetch failed — Commercial Observer: ('Connection aborted.', RemoteDisconnected('Remote end closed connection without response'))}
{"time": "2026-05-09T13:34:37", "level": "ERROR", "logger": "src.fetchers.rss_fetcher", "msg": RSS fetch failed — REBusiness Online: HTTPSConnectionPool(host='rebusinessonline.com', port=443): Read timed out. (read timeout=10)}
{"time": "2026-05-09T13:34:37", "level": "ERROR", "logger": "src.fetchers.rss_fetcher", "msg": RSS fetch failed — REBusiness Online: HTTPSConnectionPool(host='rebusinessonline.com', port=443): Read timed out. (read timeout=10)}
{"time": "2026-05-09T13:35:37", "level": "ERROR", "logger": "src.fetchers.rss_fetcher", "msg": RSS fetch failed — Connect CRE: HTTPSConnectionPool(host='www.connectcre.com', port=443): Max retries exceeded with url: /feed/ (Caused by NameResolutionError("HTTPSConnection(host='www.connectcre.com', port=443): Failed to resolve 'www.connectcre.com' ([Errno 8] nodename nor servname provided, or not known)"))}
{"time": "2026-05-09T13:35:37", "level": "ERROR", "logger": "src.fetchers.rss_fetcher", "msg": RSS fetch failed — Connect CRE: HTTPSConnectionPool(host='www.connectcre.com', port=443): Max retries exceeded with url: /feed/ (Caused by NameResolutionError("HTTPSConnection(host='www.connectcre.com', port=443): Failed to resolve 'www.connectcre.com' ([Errno 8] nodename nor servname provided, or not known)"))}
{"time": "2026-05-09T13:36:06", "level": "ERROR", "logger": "src.fetchers.rss_fetcher", "msg": RSS fetch failed — GlobeSt: HTTPSConnectionPool(host='www.globest.com', port=443): Read timed out. (read timeout=10)}
{"time": "2026-05-09T13:36:06", "level": "ERROR", "logger": "src.fetchers.rss_fetcher", "msg": RSS fetch failed — GlobeSt: HTTPSConnectionPool(host='www.globest.com', port=443): Read timed out. (read timeout=10)}
{"time": "2026-05-09T13:37:01", "level": "ERROR", "logger": "src.fetchers.rss_fetcher", "msg": RSS fetch failed — Bisnow: HTTPSConnectionPool(host='www.bisnow.com', port=443): Max retries exceeded with url: /rss (Caused by NameResolutionError("HTTPSConnection(host='www.bisnow.com', port=443): Failed to resolve 'www.bisnow.com' ([Errno 8] nodename nor servname provided, or not known)"))}
{"time": "2026-05-09T13:37:01", "level": "ERROR", "logger": "src.fetchers.rss_fetcher", "msg": RSS fetch failed — Bisnow: HTTPSConnectionPool(host='www.bisnow.com', port=443): Max retries exceeded with url: /rss (Caused by NameResolutionError("HTTPSConnection(host='www.bisnow.com', port=443): Failed to resolve 'www.bisnow.com' ([Errno 8] nodename nor servname provided, or not known)"))}
{"time": "2026-05-09T13:37:21", "level": "ERROR", "logger": "src.fetchers.rss_fetcher", "msg": RSS fetch failed — Propmodo: HTTPSConnectionPool(host='propmodo.com', port=443): Read timed out. (read timeout=10)}
{"time": "2026-05-09T13:37:21", "level": "ERROR", "logger": "src.fetchers.rss_fetcher", "msg": RSS fetch failed — Propmodo: HTTPSConnectionPool(host='propmodo.com', port=443): Read timed out. (read timeout=10)}
{"time": "2026-05-09T13:37:34", "level": "ERROR", "logger": "src.fetchers.rss_fetcher", "msg": RSS fetch failed — NREI: 530 Server Error: <none> for url: https://www.nreionline.com/rss}
{"time": "2026-05-09T13:37:34", "level": "ERROR", "logger": "src.fetchers.rss_fetcher", "msg": RSS fetch failed — NREI: 530 Server Error: <none> for url: https://www.nreionline.com/rss}
{"time": "2026-05-09T16:32:03", "level": "ERROR", "logger": "src.fetchers.rss_fetcher", "msg": RSS fetch failed — Propmodo: 403 Client Error: Forbidden for url: https://propmodo.com/feed/}
{"time": "2026-05-09T16:32:03", "level": "ERROR", "logger": "src.fetchers.rss_fetcher", "msg": RSS fetch failed — Propmodo: 403 Client Error: Forbidden for url: https://propmodo.com/feed/}
{"time": "2026-05-09T16:32:03", "level": "ERROR", "logger": "src.fetchers.rss_fetcher", "msg": RSS fetch failed — Propmodo: 403 Client Error: Forbidden for url: https://propmodo.com/feed/}
{"time": "2026-05-09T16:32:04", "level": "ERROR", "logger": "src.fetchers.rss_fetcher", "msg": RSS fetch failed — NREI: 530 Server Error: <none> for url: https://www.nreionline.com/rss}
{"time": "2026-05-09T16:32:04", "level": "ERROR", "logger": "src.fetchers.rss_fetcher", "msg": RSS fetch failed — NREI: 530 Server Error: <none> for url: https://www.nreionline.com/rss}
{"time": "2026-05-09T16:32:04", "level": "ERROR", "logger": "src.fetchers.rss_fetcher", "msg": RSS fetch failed — NREI: 530 Server Error: <none> for url: https://www.nreionline.com/rss}
